[20:25:23] [SCOUT] Running in PUBLIC SHELL mode (Reduced capabilities).
.venv\Scripts\python.exe : 
Traceback (most recent call
 last):
At line:1 char:1
+ .venv\Scripts\python.exe 
test_bytecode_fingerprintin
g.py > test_outpu ...
+ ~~~~~~~~~~~~~~~~~~~~~~~~~
~~~~~~~~~~~~~~~~~~~~~~~~~~~
~~~~~~~~~~~~~~~~~
    + CategoryInfo         
     : NotSpecified: (Tra  
  ceback (most recent ca   
 ll last)::String) [],     
RemoteException
    + FullyQualifiedErrorI 
   d : NativeCommandError
 
  File "C:\Users\baoph\Docu
ments\Veraguard\test_byteco
de_fingerprinting.py", line
 29, in <module>
    print("\n\u2550\u2550\u
2550\u2550\u2550\u2550\u255
0\u2550\u2550\u2550\u2550\u
2550\u2550\u2550\u2550\u255
0\u2550\u2550\u2550\u2550\u
2550\u2550\u2550\u2550\u255
0\u2550\u2550\u2550\u2550\u
2550\u2550\u2550\u2550\u255
0\u2550\u2550\u2550\u2550\u
2550\u2550\u2550\u2550")
    ~~~~~^^^^^^^^^^^^^^^^^^
^^^^^^^^^^^^^^^^^^^^^^^^^^^
^^^
  File "C:\Users\baoph\AppD
ata\Local\Python\pythoncore
-3.14-64\Lib\encodings\cp12
52.py", line 19, in encode
    return codecs.charmap_e
ncode(input,self.errors,enc
oding_table)[0]
           ~~~~~~~~~~~~~~~~
~~~~~^^^^^^^^^^^^^^^^^^^^^^
^^^^^^^^^^^^
UnicodeEncodeError: 'charma
p' codec can't encode chara
cters in position 2-43: cha
racter maps to <undefined>
